#-----------------------------------------------------------
# Webtalk v2019.1 (64-bit)
# SW Build 2552052 on Fri May 24 14:49:42 MDT 2019
# IP Build 2548770 on Fri May 24 18:01:18 MDT 2019
# Start of session at: Thu Oct 27 09:36:21 2022
# Process ID: 21188
# Current directory: C:/Users/Surface/Documents/GitHub/NJUST-Integrated-Design-of-Digital-System-ES_design/ES_design.sim/sim_1/behav/xsim
# Command line: wbtcv.exe -mode batch -source C:/Users/Surface/Documents/GitHub/NJUST-Integrated-Design-of-Digital-System-ES_design/ES_design.sim/sim_1/behav/xsim/xsim.dir/fp_sim_behav/webtalk/xsim_webtalk.tcl -notrace
# Log file: C:/Users/Surface/Documents/GitHub/NJUST-Integrated-Design-of-Digital-System-ES_design/ES_design.sim/sim_1/behav/xsim/webtalk.log
# Journal file: C:/Users/Surface/Documents/GitHub/NJUST-Integrated-Design-of-Digital-System-ES_design/ES_design.sim/sim_1/behav/xsim\webtalk.jou
#-----------------------------------------------------------
source C:/Users/Surface/Documents/GitHub/NJUST-Integrated-Design-of-Digital-System-ES_design/ES_design.sim/sim_1/behav/xsim/xsim.dir/fp_sim_behav/webtalk/xsim_webtalk.tcl -notrace
